apiVersion: apps/v1
kind: Deployment
metadata:
  name: myapp
  namespace: ci
spec:
  selector:
    matchLabels:
      app: myapp
  template:
    metadata:
      labels:
        app: myapp
    spec:
      containers:
      - image: localhost:15000/rules_gitops/gitops/private/test/images/helloworld@sha256:4f3c8d3f0352f6989e9ddc9a1e97fa94e23ac7a31b80502ca9807442d1fe5d68
        name: myapp
